// Vitest Snapshot v1, https://vitest.dev/guide/snapshot.html

exports[`components/splash > will render correctly 1`] = `
<DocumentFragment>
  <figure
    aria-description="Background image for web page"
    aria-hidden="true"
    assets=""
    class="absolute bg-cover bg-top contrast-[1.1] inset-px z-0"
    dsc_0591_4k.webp=""
    src=""
    style="background-image: url("
  />
</DocumentFragment>
`;
